This is XeTeX, Version 3.141592653-2.6-0.999998 (TeX Live 2026) (preloaded format=xelatex)
 \write18 enabled.
entering extended mode
(./_combined_manuscript.tex
LaTeX2e <2025-11-01>
L3 programming layer <2026-01-19>
(/usr/local/texlive/2026/texmf-dist/tex/latex/base/article.cls
Document Class: article 2025/01/22 v1.4n Standard LaTeX document class
(/usr/local/texlive/2026/texmf-dist/tex/latex/base/size10.clo))
(/usr/local/texlive/2026/texmf-dist/tex/latex/xcolor/xcolor.sty
(/usr/local/texlive/2026/texmf-dist/tex/latex/graphics-cfg/color.cfg)
(/usr/local/texlive/2026/texmf-dist/tex/latex/graphics-def/xetex.def)
(/usr/local/texlive/2026/texmf-dist/tex/latex/graphics/mathcolor.ltx))
(/usr/local/texlive/2026/texmf-dist/tex/latex/amsmath/amsmath.sty
For additional information on amsmath, use the `?' option.
(/usr/local/texlive/2026/texmf-dist/tex/latex/amsmath/amstext.sty
(/usr/local/texlive/2026/texmf-dist/tex/latex/amsmath/amsgen.sty))
(/usr/local/texlive/2026/texmf-dist/tex/latex/amsmath/amsbsy.sty)
(/usr/local/texlive/2026/texmf-dist/tex/latex/amsmath/amsopn.sty))
(/usr/local/texlive/2026/texmf-dist/tex/latex/amsfonts/amssymb.sty
(/usr/local/texlive/2026/texmf-dist/tex/latex/amsfonts/amsfonts.sty))
(/usr/local/texlive/2026/texmf-dist/tex/generic/iftex/iftex.sty)
(/usr/local/texlive/2026/texmf-dist/tex/latex/unicode-math/unicode-math.sty
(/usr/local/texlive/2026/texmf-dist/tex/latex/l3kernel/expl3.sty
(/usr/local/texlive/2026/texmf-dist/tex/latex/l3backend/l3backend-xetex.def))
(/usr/local/texlive/2026/texmf-dist/tex/latex/unicode-math/unicode-math-xetex.s
ty (/usr/local/texlive/2026/texmf-dist/tex/latex/l3packages/xparse/xparse.sty)
(/usr/local/texlive/2026/texmf-dist/tex/latex/l3packages/l3keys2e/l3keys2e.sty)
 (/usr/local/texlive/2026/texmf-dist/tex/latex/fontspec/fontspec.sty
(/usr/local/texlive/2026/texmf-dist/tex/latex/fontspec/fontspec-xetex.sty
(/usr/local/texlive/2026/texmf-dist/tex/latex/base/fontenc.sty)
(/usr/local/texlive/2026/texmf-dist/tex/latex/fontspec/fontspec.cfg)))
(/usr/local/texlive/2026/texmf-dist/tex/latex/base/fix-cm.sty
(/usr/local/texlive/2026/texmf-dist/tex/latex/base/ts1enc.def))
(/usr/local/texlive/2026/texmf-dist/tex/latex/unicode-math/unicode-math-table.t
ex))) (/usr/local/texlive/2026/texmf-dist/tex/latex/upquote/upquote.sty
(/usr/local/texlive/2026/texmf-dist/tex/latex/base/textcomp.sty))
(/usr/local/texlive/2026/texmf-dist/tex/latex/microtype/microtype.sty
(/usr/local/texlive/2026/texmf-dist/tex/latex/graphics/keyval.sty)
(/usr/local/texlive/2026/texmf-dist/tex/latex/etoolbox/etoolbox.sty)
(/usr/local/texlive/2026/texmf-dist/tex/latex/microtype/microtype-xetex.def)
(/usr/local/texlive/2026/texmf-dist/tex/latex/microtype/microtype.cfg))
(/usr/local/texlive/2026/texmf-dist/tex/latex/parskip/parskip.sty
(/usr/local/texlive/2026/texmf-dist/tex/latex/kvoptions/kvoptions.sty
(/usr/local/texlive/2026/texmf-dist/tex/generic/ltxcmds/ltxcmds.sty)
(/usr/local/texlive/2026/texmf-dist/tex/latex/kvsetkeys/kvsetkeys.sty)))
(/usr/local/texlive/2026/texmf-dist/tex/latex/fancyvrb/fancyvrb.sty)
(/usr/local/texlive/2026/texmf-dist/tex/latex/tools/longtable.sty)
(/usr/local/texlive/2026/texmf-dist/tex/latex/booktabs/booktabs.sty)
(/usr/local/texlive/2026/texmf-dist/tex/latex/tools/array.sty)
(/usr/local/texlive/2026/texmf-dist/tex/latex/tools/calc.sty)
(/usr/local/texlive/2026/texmf-dist/tex/latex/footnotehyper/footnotehyper.sty)
(/usr/local/texlive/2026/texmf-dist/tex/latex/natbib/natbib.sty)
(/usr/local/texlive/2026/texmf-dist/tex/latex/caption/subcaption.sty
(/usr/local/texlive/2026/texmf-dist/tex/latex/caption/caption.sty
(/usr/local/texlive/2026/texmf-dist/tex/latex/caption/caption3.sty)
(/usr/local/texlive/2026/texmf-dist/tex/latex/caption/ltcaption.sty)))
(/usr/local/texlive/2026/texmf-dist/tex/latex/float/float.sty)
(/usr/local/texlive/2026/texmf-dist/tex/latex/bookmark/bookmark.sty
(/usr/local/texlive/2026/texmf-dist/tex/latex/hyperref/hyperref.sty
(/usr/local/texlive/2026/texmf-dist/tex/generic/kvdefinekeys/kvdefinekeys.sty)
(/usr/local/texlive/2026/texmf-dist/tex/generic/pdfescape/pdfescape.sty
(/usr/local/texlive/2026/texmf-dist/tex/generic/pdftexcmds/pdftexcmds.sty
(/usr/local/texlive/2026/texmf-dist/tex/generic/infwarerr/infwarerr.sty)))
(/usr/local/texlive/2026/texmf-dist/tex/latex/hycolor/hycolor.sty)
(/usr/local/texlive/2026/texmf-dist/tex/latex/hyperref/nameref.sty
(/usr/local/texlive/2026/texmf-dist/tex/latex/refcount/refcount.sty)
(/usr/local/texlive/2026/texmf-dist/tex/generic/gettitlestring/gettitlestring.s
ty)) (/usr/local/texlive/2026/texmf-dist/tex/generic/stringenc/stringenc.sty)
(/usr/local/texlive/2026/texmf-dist/tex/latex/hyperref/pd1enc.def)
(/usr/local/texlive/2026/texmf-dist/tex/generic/intcalc/intcalc.sty)
(/usr/local/texlive/2026/texmf-dist/tex/latex/hyperref/puenc.def)
(/usr/local/texlive/2026/texmf-dist/tex/latex/url/url.sty)
(/usr/local/texlive/2026/texmf-dist/tex/generic/bitset/bitset.sty
(/usr/local/texlive/2026/texmf-dist/tex/generic/bigintcalc/bigintcalc.sty)))
(/usr/local/texlive/2026/texmf-dist/tex/latex/hyperref/hxetex.def
(/usr/local/texlive/2026/texmf-dist/tex/latex/rerunfilecheck/rerunfilecheck.sty

(/usr/local/texlive/2026/texmf-dist/tex/generic/uniquecounter/uniquecounter.sty
))) (/usr/local/texlive/2026/texmf-dist/tex/latex/bookmark/bkm-dvipdfm.def))
(/usr/local/texlive/2026/texmf-dist/tex/latex/xurl/xurl.sty)
(/usr/local/texlive/2026/texmf-dist/tex/latex/seqsplit/seqsplit.sty)
(/usr/local/texlive/2026/texmf-dist/tex/latex/geometry/geometry.sty
(/usr/local/texlive/2026/texmf-dist/tex/generic/iftex/ifvtex.sty))
(/usr/local/texlive/2026/texmf-dist/tex/latex/cleveref/cleveref.sty)
==> First Aid for cleveref.sty applied!
(/usr/local/texlive/2026/texmf-dist/tex/latex/graphics/graphicx.sty
(/usr/local/texlive/2026/texmf-dist/tex/latex/graphics/graphics.sty
(/usr/local/texlive/2026/texmf-dist/tex/latex/graphics/trig.sty)
(/usr/local/texlive/2026/texmf-dist/tex/latex/graphics-cfg/graphics.cfg)))
(/usr/local/texlive/2026/texmf-dist/tex/latex/titlesec/titlesec.sty)
(/usr/local/texlive/2026/texmf-dist/tex/latex/tocloft/tocloft.sty

Package tocloft Warning: \@starttoc has already been redefined; tocloft bailing
 out. on input line 1156.

) (/usr/local/texlive/2026/texmf-dist/tex/latex/setspace/setspace.sty)
(/usr/local/texlive/2026/texmf-dist/tex/latex/fancyhdr/fancyhdr.sty)
(./_combined_manuscript.aux)

Package microtype Warning: Unable to apply patch `footnote' on input line 307.

*geometry* driver: auto-detecting
*geometry* detected driver: xetex

Package hyperref Warning: Option `colorlinks' has already been used,
(hyperref)                setting the option has no effect on input line 307.


LaTeX Font Warning: Font shape `TU/STIXTwoText(0)/b/n' undefined
(Font)              using `TU/STIXTwoText(0)/m/n' instead on input line 318.

[1] (/usr/local/texlive/2026/texmf-dist/tex/latex/amsfonts/umsa.fd)
(/usr/local/texlive/2026/texmf-dist/tex/latex/microtype/mt-msa.cfg)
(/usr/local/texlive/2026/texmf-dist/tex/latex/amsfonts/umsb.fd)
(/usr/local/texlive/2026/texmf-dist/tex/latex/microtype/mt-msb.cfg)
Underfull \hbox (badness 10000) in paragraph at lines 364--365
\TU/STIXTwoText(0)/m/n/9 Suggested citation: Friedman, D. A. (2026). \TU/STIXTw
oText(0)/m/it/9 Introduction to Biology: A Generative Approach \TU/STIXTwoText(
0)/m/n/9 (Edition 1.0). Active Inference Institute.
[1] (./_combined_manuscript.toc [2] [3] [4] [5] [6] [7] [8] [9] [10] [11]
[12] [13] [14] [15] [16] [17] [18] [19] [20] [21] [22] [23] [24] [25] [26]
[27] [28] [29] [30] [31] [32] [33] [34] [35] [36] [37] [38] [39] [40] [41]
[42] [43] [44] [45] [46] [47] [48] [49] [50] [51] [52] [53] [54] [55] [56]
[57] [58] [59] [60]) [61] [62] [63] [64] [65] [66] [67] [68] [69] [70] [71]
[72] [73] [74] [75] [76] [77] [78] [79] [80] [81] [82] [83] [84] [85] [86]
[87] [88] [89] [90] [91] [92] [93]

LaTeX Font Warning: Font shape `TU/STIXTwoText(1)/b/n' undefined
(Font)              using `TU/STIXTwoText(1)/m/n' instead on input line 3586.

[94] [95]
Overfull \hbox (6.89168pt too wide) in paragraph at lines 3903--3903
[]|\TU/STIXTwoText(0)/b/n/9 Intracellular 

Overfull \hbox (5.3617pt too wide) in paragraph at lines 3910--3910
[]|\TU/STIXTwoText(0)/b/n/9 Community 

Overfull \hbox (4.1827pt too wide) in paragraph at lines 3912--3912
\TU/STIXTwoText(0)/b/n/9 metabolism|  
[96] [97] [98] [99] [100] [101] [102] [103] [104] [105] [106] [107] [108]
[109] [110] [111] [112] [113] [114] [115] [116] [117] [118] [119] [120]
[121] [122] [123] [124] [125] [126] [127]
Overfull \hbox (3.92259pt too wide) in paragraph at lines 6984--6984
[]|\TU/STIXTwoText(0)/b/n/9 Bicarbonate|  

Overfull \hbox (20.3026pt too wide) in paragraph at lines 6993--6993
[]|\TU/STIXTwoText(0)/b/n/9 Carbonyl/amide|  

Overfull \hbox (1.70055pt too wide) in paragraph at lines 7071--7072
[]|\TU/STIXTwoText(0)/b/n/9 5.97|  

Overfull \hbox (1.70055pt too wide) in paragraph at lines 7072--7073
[]|\TU/STIXTwoText(0)/b/n/9 2.77|  

Overfull \hbox (1.70055pt too wide) in paragraph at lines 7073--7074
[]|\TU/STIXTwoText(0)/b/n/9 7.59|  

Overfull \hbox (1.70055pt too wide) in paragraph at lines 7074--7075
[]|\TU/STIXTwoText(0)/b/n/9 9.74|  
[128] [129] [130] [131] [132] [133] [134]

Package hyperref Warning: Token not allowed in a PDF string (Unicode):
(hyperref)                removing `subscript' on input line 7710.


Package hyperref Warning: Token not allowed in a PDF string (Unicode):
(hyperref)                removing `superscript' on input line 7710.


Package hyperref Warning: Token not allowed in a PDF string (Unicode):
(hyperref)                removing `superscript' on input line 7710.

[135] [136] [137] [138] [139] [140]
Overfull \hbox (1.38533pt too wide) in paragraph at lines 8360--8360
[]|\TU/STIXTwoText(0)/b/n/9 Hydrocarbon 
[141] [142] [143] [144] [145] [146] [147] [148] [149] [150] [151] [152]
[153] [154] [155] [156] [157] [158] [159] [160]
Overfull \hbox (36.57298pt too wide) in paragraph at lines 10479--10479
[]|\TU/STIXTwoText(0)/b/n/9 Phosphorylation|  

Overfull \hbox (17.40298pt too wide) in paragraph at lines 10481--10481
[]|\TU/STIXTwoText(0)/b/n/9 Acetylation|  

Overfull \hbox (20.08499pt too wide) in paragraph at lines 10484--10484
[]|\TU/STIXTwoText(0)/b/n/9 Methylation|  

Overfull \hbox (30.111pt too wide) in paragraph at lines 10487--10487
[]|\TU/STIXTwoText(0)/b/n/9 Ubiquitination|  

Overfull \hbox (25.99799pt too wide) in paragraph at lines 10490--10490
[]|\TU/STIXTwoText(0)/b/n/9 SUMOylation|  

Overfull \hbox (25.52998pt too wide) in paragraph at lines 10492--10492
[]|\TU/STIXTwoText(0)/b/n/9 Glycosylation|  

Overfull \hbox (3.55199pt too wide) in paragraph at lines 10495--10495
\TU/STIXTwoText(0)/b/n/9 GlcNAc|  

Overfull \hbox (28.329pt too wide) in paragraph at lines 10497--10497
[]|\TU/STIXTwoText(0)/b/n/9 Hydroxylation|  

Overfull \hbox (13.191pt too wide) in paragraph at lines 10499--10499
[]|\TU/STIXTwoText(0)/b/n/9 Lipidation|  

Overfull \hbox (18.86998pt too wide) in paragraph at lines 10502--10502
\TU/STIXTwoText(0)/b/n/9 ribosylation|  

Overfull \hbox (8.30399pt too wide) in paragraph at lines 10504--10504
[]|\TU/STIXTwoText(0)/b/n/9 Disulfide|  

Overfull \hbox (14.55899pt too wide) in paragraph at lines 10506--10506
[]|\TU/STIXTwoText(0)/b/n/9 Proteolytic 
 [161] [162] [163] [164] [165] [166] [167] [168] [169]
Overfull \hbox (0.80545pt too wide) in paragraph at lines 11507--11507
[]|\TU/STIXTwoText(0)/b/n/9 Staphylococcal 
[170] [171]
Overfull \hbox (8.77107pt too wide) in paragraph at lines 11652--11652
[]|\TU/STIXTwoText(0)/b/n/9 Oxidoreductases|  
[172] [173]
Overfull \hbox (39.20242pt too wide) in paragraph at lines 11792--11792
[]|\TU/STIXTwoText(0)/b/n/9 Acetylcholinesterase|  

Overfull \hbox (5.35342pt too wide) in paragraph at lines 11798--11798
[]|\TU/STIXTwoText(0)/b/n/9 Hexokinase|  

Overfull \hbox (1.28699pt too wide) in paragraph at lines 11801--11801
[]|\TU/STIXTwoText(0)/b/n/9 Hexasaccharide|  
[174] [175]
Overfull \hbox (1.1269pt too wide) in paragraph at lines 12011--12011
[]|\TU/STIXTwoText(0)/b/n/9 Acetylcholinesterase|  
[176] [177] [178]
Overfull \hbox (0.63702pt too wide) in paragraph at lines 12324--12324
[]|\TU/STIXTwoText(0)/b/n/9 Michaelis- 

Overfull \hbox (7.94502pt too wide) in paragraph at lines 12325--12325
[]|\TU/STIXTwoText(0)/b/n/9 Cooperative 

Overfull \hbox (7.94502pt too wide) in paragraph at lines 12326--12326
[]|\TU/STIXTwoText(0)/b/n/9 Cooperative 

Overfull \hbox (7.94502pt too wide) in paragraph at lines 12327--12327
[]|\TU/STIXTwoText(0)/b/n/9 Cooperative 
[179] [180] [181] [182] [183] [184] [185] [186] [187] [188] [189] [190]
[191] [192] [193] [194] [195] [196] [197] [198]
Overfull \hbox (2.05325pt too wide) in paragraph at lines 14237--14239
\TU/STIXTwoText(0)/b/n/9 acetyltalosaminuronic 
 [199] [200] [201] [202]
Overfull \hbox (4.46986pt too wide) in paragraph at lines 14658--14658
[]|\TU/STIXTwoText(0)/b/n/9 Thermophile|  

Overfull \hbox (25.64687pt too wide) in paragraph at lines 14661--14661
[]|\TU/STIXTwoText(0)/b/n/9 Hyperthermophile|  

Overfull \hbox (3.96587pt too wide) in paragraph at lines 14664--14664
[]|\TU/STIXTwoText(0)/b/n/9 Psychrophile|  

Overfull \hbox (34.91687pt too wide) in paragraph at lines 14672--14672
[]|\TU/STIXTwoText(0)/b/n/9 Barophile/piezophile|  

Overfull \hbox (9.29385pt too wide) in paragraph at lines 14674--14674
[]|\TU/STIXTwoText(0)/b/n/9 Radioresistant|  

Overfull \hbox (7.76747pt too wide) in paragraph at lines 14739--14739
[]|\TU/STIXTwoText(0)/b/n/9 Photoheterotroph|  

Overfull \hbox (5.67947pt too wide) in paragraph at lines 14741--14741
[]|\TU/STIXTwoText(0)/b/n/9 Chemoautotroph|  

Overfull \hbox (13.10448pt too wide) in paragraph at lines 14743--14743
[]|\TU/STIXTwoText(0)/b/n/9 Chemoheterotroph|  
[203] [204] [205] [206] [207] [208] [209] [210]
Underfull \hbox (badness 1314) in paragraph at lines 15647--15651
[]\TU/STIXTwoText(0)/b/n/9 Intermembrane space (IMS): equivalent to cytoplasm i
n ion composition; site of electron carrier cytochrome c; contains pro-apoptoti
c factors
[211] [212]
Underfull \hbox (badness 1728) in paragraph at lines 15792--15805
[]\TU/STIXTwoText(0)/b/n/9 ER quality control and ERAD (in detail). Newly synth
esised glycoproteins entering the ER lumen are tagged with a triple-glucosylate
d N-glycan
 [213] [214] [215] [216] [217] [218]
Overfull \hbox (5.25906pt too wide) in paragraph at lines 16429--16429
[]|\TU/STIXTwoText(0)/b/n/9 Homo/heterophilic|  
[219] [220] [221] [222] [223] [224] [225] [226] [227] [228] [229] [230]
[231] [232]
Underfull \hbox (badness 1931) in paragraph at lines 17883--17887
[]\TU/STIXTwoText(0)/b/n/9 Each row of the table above can be reproduced from e
quation ([][]39[][]) below by careful sign-handling. Using the simplified form 
at 37 °C: $[][] []
[233] [234] [235] [236] [237] [238]
Underfull \hbox (badness 10000) in paragraph at lines 18432--18432
[]\TU/STIXTwoText(0)/b/n/8 Figure 43. |Transporter structure claims need functi
onal assays because transport depends on cycling among states, not a single sta
tic conformation
[239] [240] [241] [242] [243] [244] [245] [246] [247] [248] [249] [250]
[251] [252] [253] [254] [255] [256] [257] [258] [259] [260] [261] [262]
[263] [264]
Overfull \hbox (21.61043pt too wide) in paragraph at lines 21223--21223
[]|\TU/STIXTwoText(0)/b/n/9 Phosphoenolpyruvate 

Overfull \hbox (17.22743pt too wide) in paragraph at lines 21225--21225
\TU/STIXTwoText(0)/b/n/9 Bisphosphoglycerate 

Overfull \hbox (2.46744pt too wide) in paragraph at lines 21227--21227
[]|\TU/STIXTwoText(0)/b/n/9 Phosphocreatine 
[265] [266] [267] [268] [269] [270] [271] [272] [273] [274]
Overfull \hbox (4.39757pt too wide) in paragraph at lines 22064--22064
[]|\TU/STIXTwoText(0)/b/n/9 Monoamine 
 [275] [276] [277] [278] [279] [280] [281] [282] [283] [284] [285] [286]
[287]

Package hyperref Warning: Token not allowed in a PDF string (Unicode):
(hyperref)                removing `subscript' on input line 23534.

[288] [289] [290] [291]
Overfull \hbox (10.43768pt too wide) in paragraph at lines 23892--23894
[]|\TU/STIXTwoText(0)/b/n/9 Compensates 

Overfull \hbox (0.99669pt too wide) in paragraph at lines 23892--23894
\TU/STIXTwoText(0)/b/n/9 boxysomes|  

Overfull \hbox (10.43768pt too wide) in paragraph at lines 23894--23895
[]|\TU/STIXTwoText(0)/b/n/9 Compensates 
[292] [293]

Package hyperref Warning: Token not allowed in a PDF string (Unicode):
(hyperref)                removing `subscript' on input line 24081.

[294] [295]

Package hyperref Warning: Token not allowed in a PDF string (Unicode):
(hyperref)                removing `subscript' on input line 24357.

[296]

Package hyperref Warning: Token not allowed in a PDF string (Unicode):
(hyperref)                removing `superscript' on input line 24383.

[297] [298] [299] [300] [301] [302] [303] [304] [305] [306] [307] [308]
[309] [310] [311] [312] [313] [314] [315] [316] [317] [318] [319] [320]
[321] [322] [323] [324] [325] [326] [327] [328] [329] [330] [331] [332]
[333] [334] [335] [336] [337] [338] [339] [340] [341] [342] [343] [344]
[345] [346] [347] [348] [349] [350] [351] [352] [353] [354] [355] [356]
[357] [358] [359] [360] [361] [362] [363] [364] [365]
Overfull \hbox (3.07433pt too wide) in paragraph at lines 31574--31575
\TU/STIXTwoText(0)/b/n/9 adenosylmethionine) 
 [366] [367] [368] [369] [370] [371] [372] [373] [374] [375] [376]
Overfull \hbox (3.26091pt too wide) in paragraph at lines 32632--32634
[]|\TU/STIXTwoText(0)/b/n/9 Benzo[][]a[][]pyrene 

Overfull \hbox (1.3079pt too wide) in paragraph at lines 32637--32638
\TU/STIXTwoText(0)/b/n/9 incorporation|  

Overfull \hbox (14.2319pt too wide) in paragraph at lines 32643--32644
[]|\TU/STIXTwoText(0)/b/n/9 OGG1+MUTYH- 

Overfull \hbox (0.8849pt too wide) in paragraph at lines 32645--32646
\TU/STIXTwoText(0)/b/n/9 NHEJ/MMEJ|  

Overfull \hbox (6.5999pt too wide) in paragraph at lines 32647--32649
[]|\TU/STIXTwoText(0)/b/n/9 “Ultramutator” 
 [377] [378] [379] [380] [381] [382] [383] [384] [385] [386] [387] [388]
[389] [390] [391] [392] [393] [394] [395] [396] [397] [398] [399] [400]
[401] [402] [403]
Overfull \hbox (5.6357pt too wide) in paragraph at lines 35234--35234
[]|\TU/STIXTwoText(0)/b/n/9 H3K27me3|  

Overfull \hbox (1.1807pt too wide) in paragraph at lines 35237--35237
[]|\TU/STIXTwoText(0)/b/n/9 H3K9me3|  

Overfull \hbox (1.1807pt too wide) in paragraph at lines 35239--35239
[]|\TU/STIXTwoText(0)/b/n/9 H3K4me3|  

Overfull \hbox (10.0817pt too wide) in paragraph at lines 35243--35243
[]|\TU/STIXTwoText(0)/b/n/9 H2AK119ub|  
[404]
Overfull \hbox (15.06587pt too wide) in paragraph at lines 35453--35453
[]|\TU/STIXTwoText(0)/b/it/9 CDKN2A/p16|  
[405]
Overfull \hbox (3.26974pt too wide) in paragraph at lines 35507--35507
[]|\TU/STIXTwoText(0)/b/n/9 IDH1/IDH2 

Overfull \hbox (7.62573pt too wide) in paragraph at lines 35530--35530
[]|\TU/STIXTwoText(0)/b/n/9 Combination 
 [406] [407] [408] [409] [410] [411] [412] [413] [414] [415] [416] [417]
[418] [419] [420] [421] [422]
Underfull \hbox (badness 10000) in paragraph at lines 37028--37028
[]|\TU/STIXTwoText(0)/b/n/9 Neither (H
[423] [424] [425] [426] [427] [428] [429] [430] [431] [432] [433] [434]

Package hyperref Warning: Token not allowed in a PDF string (Unicode):
(hyperref)                removing `superscript' on input line 38284.

 [435] [436] [437] [438] [439] [440] [441] [442] [443] [444] [445] [446]
[447] [448]
Overfull \hbox (12.61043pt too wide) in paragraph at lines 39663--39663
[]|\TU/STIXTwoText(0)/b/it/9 OPN1LW/OPN1MW|  
[449] [450] [451] [452] [453] [454] [455] [456] [457] [458] [459] [460]
[461] [462] [463] [464] [465] [466] [467] [468] [469] [470]

Package hyperref Warning: Token not allowed in a PDF string (Unicode):
(hyperref)                removing `subscript' on input line 41921.

 [471] [472] [473]

Package hyperref Warning: Token not allowed in a PDF string (Unicode):
(hyperref)                removing `subscript' on input line 42124.


Package hyperref Warning: Token not allowed in a PDF string (Unicode):
(hyperref)                removing `subscript' on input line 42154.

[474] [475] [476] [477] [478]
Underfull \hbox (badness 6252) in paragraph at lines 42675--42675
[]\TU/STIXTwoText(0)/b/n/8 Figure 109. |Graph references can reduce reference b
ias, but population-genetic interpretation still depends on sampling design, as
sumptions, and validation
[479] [480] [481] [482] [483] [484] [485] [486] [487] [488] [489] [490]
[491] [492] [493] [494] [495] [496] [497] [498] [499] [500] [501] [502]
[503] [504] [505] [506] [507] [508] [509] [510]

Package hyperref Warning: Token not allowed in a PDF string (Unicode):
(hyperref)                removing `subscript' on input line 46147.

[511] [512] [513] [514] [515] [516] [517] [518] [519] [520] [521] [522]
[523] [524] [525] [526] [527] [528] [529] [530] [531] [532] [533] [534]
[535] [536] [537] [538] [539] [540] [541] [542] [543] [544] [545] [546]
[547] [548] [549]
Overfull \hbox (7.32623pt too wide) in paragraph at lines 50232--50232
\TU/STIXTwoText(0)/b/n/9 cephalosporins, 
 [550] [551] [552] [553] [554] [555]
Overfull \hbox (6.4612pt too wide) in paragraph at lines 50826--50826
[]|\TU/STIXTwoText(0)/b/n/9 Attractants/repellents|  
 [556] [557] [558] [559] [560] [561] [562] [563] [564] [565]
Overfull \vbox (309.21228pt too high) has occurred while \output is active
[566] [567]
Underfull \hbox (badness 1142) in paragraph at lines 52220--52220
[]\TU/STIXTwoText(0)/b/n/8 Figure 132. |WHO priority lists are most useful when
 students connect the organism-resistance pair to selection pressure, transmiss
ion route, and stewardship action
[568] [569] [570] [571] [572] [573] [574] [575] [576] [577] [578] [579]
[580] [581] [582] [583] [584] [585] [586] [587] [588] [589] [590] [591]
[592]
Overfull \hbox (2.90222pt too wide) in paragraph at lines 55012--55012
[]|\TU/STIXTwoText(0)/b/n/9 Tetanospasmin|  
[593] [594] [595] [596] [597] [598] [599]
Underfull \hbox (badness 1412) in paragraph at lines 55736--55741
[]\TU/STIXTwoText(0)/b/n/9 Fab region (fragment antigen-binding): Contains the 
variable domains (VH + VL) that form the antigen-binding site (paratope). The t
hree
[600] [601] [602] [603] [604]

Package hyperref Warning: Token not allowed in a PDF string (Unicode):
(hyperref)                removing `subscript' on input line 56148.

[605] [606] [607] [608] [609] [610] [611] [612]
Underfull \hbox (badness 1052) in paragraph at lines 57000--57026
[]\TU/STIXTwoText(0)/b/n/9 Three molecular innovations make mRNA vaccines work.
 (1) Nucleoside modification — substituting uridines with pseudouridine ($[]$) 
or 1-methyl-
[613] [614] [615] [616] [617] [618] [619] [620] [621] [622] [623] [624]
[625] [626] [627] [628] [629] [630] [631] [632] [633] [634] [635] [636]
[637] [638] [639] [640] [641] [642] [643] [644] [645] [646] [647] [648]
[649] [650] [651] [652] [653] [654] [655] [656] [657] [658] [659] [660]
[661] [662] [663] [664] [665] [666] [667] [668] [669] [670] [671] [672]
[673] [674] [675] [676] [677] [678] [679] [680] [681] [682] [683] [684]
[685] [686] [687] [688] [689] [690]

Package hyperref Warning: Token not allowed in a PDF string (Unicode):
(hyperref)                removing `subscript' on input line 65027.

[691]

Package hyperref Warning: Token not allowed in a PDF string (Unicode):
(hyperref)                removing `subscript' on input line 65137.

[692] [693] [694] [695] [696] [697] [698] [699] [700] [701] [702] [703]
[704] [705] [706] [707] [708] [709] [710] [711] [712] [713] [714] [715]
[716] [717] [718] [719] [720] [721] [722] [723]
Overfull \hbox (6.54788pt too wide) in paragraph at lines 68281--68281
[]|\TU/STIXTwoText(0)/b/n/9 Recycling 
[724] [725] [726] [727] [728] [729] [730]
Overfull \hbox (11.28093pt too wide) in paragraph at lines 68933--68933
[]|\TU/STIXTwoText(0)/b/n/9 Morphine/heroin|  

Overfull \hbox (2.88393pt too wide) in paragraph at lines 68937--68937
[]|\TU/STIXTwoText(0)/b/n/9 Buprenorphine|  

Overfull \hbox (8.68892pt too wide) in paragraph at lines 68939--68939
[]|\TU/STIXTwoText(0)/b/n/9 Benzodiazepines 
 [731] [732] [733] [734] [735] [736] [737]
Overfull \hbox (30.78505pt too wide) in paragraph at lines 69583--69583
[]|\TU/STIXTwoText(0)/b/n/9 Peptide/[][]protein[][]|  

Overfull \hbox (15.35905pt too wide) in paragraph at lines 69594--69594
\TU/STIXTwoText(0)/b/n/9 cholamines|  

Overfull \hbox (3.24542pt too wide) in paragraph at lines 69597--69599
[]|\TU/STIXTwoText(0)/b/n/9 Epinephrine, 

Overfull \hbox (17.00604pt too wide) in paragraph at lines 69604--69604
[]|\TU/STIXTwoText(0)/b/n/9 Eicosanoids|  

Overfull \hbox (1.42741pt too wide) in paragraph at lines 69607--69609
\TU/STIXTwoText(0)/b/n/9 leukotrienes|  
 [738]
Overfull \hbox (31.2172pt too wide) in paragraph at lines 69659--69660
\TU/STIXTwoText(0)/b/n/9 cytoplasmic$[]$nuclear)|  

Overfull \hbox (31.2172pt too wide) in paragraph at lines 69662--69663
\TU/STIXTwoText(0)/b/n/9 cytoplasmic$[]$nuclear)|  

Overfull \hbox (31.2172pt too wide) in paragraph at lines 69665--69666
\TU/STIXTwoText(0)/b/n/9 cytoplasmic$[]$nuclear)|  

Overfull \hbox (1.86462pt too wide) in paragraph at lines 69670--69670
[]|\TU/STIXTwoText(0)/b/n/9 Progesterone|  

Overfull \hbox (23.57628pt too wide) in paragraph at lines 69675--69675
[]|\TU/STIXTwoText(0)/b/n/9 Catecholamine|  

Overfull \hbox (13.22263pt too wide) in paragraph at lines 69678--69678
[]|\TU/STIXTwoText(0)/b/n/9 Norepinephrine|  

Overfull \hbox (23.57628pt too wide) in paragraph at lines 69678--69678
[]|\TU/STIXTwoText(0)/b/n/9 Catecholamine|  

Overfull \hbox (2.54327pt too wide) in paragraph at lines 69681--69681
[]|\TU/STIXTwoText(0)/b/n/9 Iodinated 

Overfull \hbox (2.54327pt too wide) in paragraph at lines 69684--69684
[]|\TU/STIXTwoText(0)/b/n/9 Iodinated 

Overfull \hbox (10.30127pt too wide) in paragraph at lines 69687--69687
[]|\TU/STIXTwoText(0)/b/n/9 Indolamine|  

Overfull \hbox (7.90727pt too wide) in paragraph at lines 69690--69690
[]|\TU/STIXTwoText(0)/b/n/9 Eicosanoid|  

Overfull \hbox (7.90727pt too wide) in paragraph at lines 69693--69693
[]|\TU/STIXTwoText(0)/b/n/9 Eicosanoid|  
 [739] [740] [741] [742] [743] [744] [745] [746] [747]
Underfull \hbox (badness 1789) in paragraph at lines 70596--70604
[]\TU/STIXTwoText(0)/b/n/9 Selective COX-2 inhibitors (coxibs) were developed t
o spare COX-1 (preserving gastric prostaglandins and reducing GI bleeding). Ini
tial successes
[748] [749] [750] [751] [752] [753] [754] [755] [756] [757]
Overfull \hbox (3.36896pt too wide) in paragraph at lines 71636--71638
[]|\TU/STIXTwoText(0)/b/n/9 Granulocyte/macrophage 
 [758] [759] [760] [761] [762]
Overfull \hbox (0.76115pt too wide) in paragraph at lines 72020--72020
[]|\TU/STIXTwoText(0)/b/n/9 Ipilimumab|  

Overfull \hbox (9.56316pt too wide) in paragraph at lines 72026--72026
[]|\TU/STIXTwoText(0)/b/n/9 Atezolizumab, 

Overfull \hbox (5.79216pt too wide) in paragraph at lines 72030--72030
[]|\TU/STIXTwoText(0)/b/n/9 Tislelizumab, 
[763] [764] [765] [766] [767] [768] [769] [770] [771] [772] [773] [774]
[775] [776] [777] [778] [779] [780] [781] [782] [783] [784] [785] [786]
[787] [788] [789] [790] [791] [792] [793] [794] [795] [796] [797] [798]
[799] [800] [801] [802] [803] [804] [805] [806] [807] [808] [809] [810]
[811] [812] [813] [814] [815] [816] [817] [818] [819] [820] [821] [822]
[823] [824] [825] [826] [827] [828] [829] [830] [831] [832] [833] [834]
[835] [836] [837] [838]
Overfull \hbox (2.71082pt too wide) in paragraph at lines 79844--79844
[]|\TU/STIXTwoText(0)/b/n/9 Temperate 

Overfull \hbox (2.71082pt too wide) in paragraph at lines 79847--79847
[]|\TU/STIXTwoText(0)/b/n/9 Temperate 

Overfull \hbox (2.71082pt too wide) in paragraph at lines 79850--79850
[]|\TU/STIXTwoText(0)/b/n/9 Temperate 

Overfull \hbox (18.9918pt too wide) in paragraph at lines 79861--79861
[]|\TU/STIXTwoText(0)/b/n/9 Mediterranean 
 [839]
Overfull \hbox (3.01541pt too wide) in paragraph at lines 79897--79897
[]|\TU/STIXTwoText(0)/b/n/9 Coastal/neritic 
[840] [841] [842] [843] [844] [845] [846] [847] [848] [849] [850] [851]
[852] [853] [854] [855] [856] [857] [858] [859] [860] [861] [862] [863]
[864] [865] [866] [867] [868] [869] [870] [871] [872] [873] [874] [875]
[876] [877] [878] [879] [880] [881] [882] [883] [884] [885] [886] [887]
[888] [889] [890] [891] [892] [893] [894] [895] [896] [897] [898] [899]
[900] [901] [902] [903] [904] [905] [906] [907] [908] [909] [910] [911]
[912] [913] [914] [915] [916] [917] [918] [919] [920] [921] [922] [923]
[924] [925] [926] [927] [928] [929] [930] [931] [932] [933] [934] [935]
[936] [937] [938] [939] [940] [941] [942] [943] [944] [945] [946] [947]
[948] [949] [950] [951] [952] [953] [954] [955] [956] [957] [958] [959]
[960] [961] [962] [963] [964] [965] [966] [967] [968] [969] [970] [971]
[972] [973] [974] [975] [976] [977] [978] [979] [980] [981] [982] [983]
[984] [985] [986] [987] [988] [989] [990] [991] [992] [993] [994] [995]
[996] [997] [998] [999] [1000] [1001] [1002] [1003] [1004] [1005] [1006]
[1007] [1008] [1009] [1010] [1011] [1012] [1013] [1014] [1015] [1016] [1017]
[1018] [1019] [1020] [1021] [1022] [1023]
Underfull \hbox (badness 3291) in paragraph at lines 101649--101653
[]\TU/STIXTwoText(0)/b/n/9 Reticulophagy (selective ER autophagy) is triggered 
by ER stress. Trace the molecular pathway from misfolded protein accumulation $
[]$
[1024] [1025] [1026] [1027] [1028] [1029] [1030] [1031]
Underfull \hbox (badness 2635) in paragraph at lines 103242--103250
[]\TU/STIXTwoText(0)/b/n/9 Horizontal gene transfer of photosynthesis genes bet
ween cyanobacteria and early eukaryotes (primary endosymbiosis) versus between 
non-
[1032] [1033] [1034] [1035] [1036] [1037] [1038] [1039] [1040] [1041] [1042]
[1043] [1044] [1045] [1046] [1047] [1048] [1049] [1050] [1051] [1052] [1053]
[1054] [1055] [1056] [1057] [1058] [1059] [1060] [1061] [1062] [1063] [1064]
[1065] [1066] [1067] [1068] [1069] [1070] [1071] [1072] [1073] [1074] [1075]
[1076] [1077] [1078] [1079] [1080] [1081] [1082] [1083] [1084] [1085] [1086]
[1087] [1088] [1089] [1090] [1091] [1092] [1093] [1094] [1095] [1096] [1097]
[1098] [1099] [1100] [1101] [1102] [1103] [1104] [1105] [1106] [1107] [1108]
[1109] [1110] [1111] [1112]
Overfull \hbox (10.05473pt too wide) in paragraph at lines 117068--117068
[]|\TU/STIXTwoText(0)/b/n/9 Haemoglobin, 

Overfull \hbox (3.99773pt too wide) in paragraph at lines 117070--117070
[]|\TU/STIXTwoText(0)/b/n/9 Cytochrome 

Overfull \hbox (3.08873pt too wide) in paragraph at lines 117081--117081
[]|\TU/STIXTwoText(0)/b/n/9 Glutathione 

Overfull \hbox (8.58772pt too wide) in paragraph at lines 117088--117088
[]|\TU/STIXTwoText(0)/b/n/9 Fluoroapatite 
 [1113] [1114] [1115] [1116] [1117] [1118] [1119] [1120] [1121] [1122] [1123]
[1124] [1125] [1126] [1127] [1128] [1129]
Underfull \hbox (badness 5519) in paragraph at lines 119101--119118
\TU/STIXTwoText(0)/b/n/9 Ecosystem $[]$ section [][]37[][] Electronegativity (\
TU/Menlo(0)/m/n/9 #gl:electronegativity\TU/STIXTwoText(0)/b/n/9 ) $[]$ section 
[][]4[][] Emergence (\TU/Menlo(0)/m/n/9 #gl:self-organization\TU/STIXTwoText(0)
/b/n/9 ) $[]$ section [][]1[][] Endocytosis
[1130]
Underfull \hbox (badness 1484) in paragraph at lines 119196--119212
\TU/STIXTwoText(0)/b/n/9 Meiosis (\TU/Menlo(0)/m/n/9 #gl:meiosis\TU/STIXTwoText
(0)/b/n/9 ) $[]$ section [][]20[][] Metaphase (\TU/Menlo(0)/m/n/9 #gl:anaphase\
TU/STIXTwoText(0)/b/n/9 ) $[]$ sections [][]15[][] and [][]20[][] Microtubule (
\TU/Menlo(0)/m/n/9 #gl:cytoskeleton\TU/STIXTwoText(0)/b/n/9 ) $[]$ section [][]
9[][] Mitochondrion
[1131] [1132] (./_combined_manuscript.bbl [1133] [1134] [1135] [1136] [1137]
[1138]) [1139] (./_combined_manuscript.aux)

LaTeX Font Warning: Some font shapes were not available, defaults substituted.

 )
(see the transcript file for additional information)
Output written on _combined_manuscript.pdf (1140 pages).
Transcript written on _combined_manuscript.log.
